// Jest Snapshot v1, https://jestjs.io/docs/snapshot-testing

exports[`GameCard should match snapshot 1`] = `
<div>
  <a
    href="/game/1"
  >
    <section
      class="w-full bg-[#FBF8F1] rounded-lg p-4 mb-5"
    >
      <div
        class="relative w-full h-56 hover:scale-105 transition-all duration-300"
      >
        <img
          alt="some game"
          class="rounded-lg object-cover"
          data-nimg="fill"
          decoding="async"
          loading="lazy"
          sizes="(max-width: 768px) 100vw, (max-width: 1200px) 44vw"
          src="/_next/image?url=https%3A%2F%2Ftest-url&w=3840&q=75"
          srcset="/_next/image?url=https%3A%2F%2Ftest-url&w=384&q=75 384w, /_next/image?url=https%3A%2F%2Ftest-url&w=640&q=75 640w, /_next/image?url=https%3A%2F%2Ftest-url&w=750&q=75 750w, /_next/image?url=https%3A%2F%2Ftest-url&w=828&q=75 828w, /_next/image?url=https%3A%2F%2Ftest-url&w=1080&q=75 1080w, /_next/image?url=https%3A%2F%2Ftest-url&w=1200&q=75 1200w, /_next/image?url=https%3A%2F%2Ftest-url&w=1920&q=75 1920w, /_next/image?url=https%3A%2F%2Ftest-url&w=2048&q=75 2048w, /_next/image?url=https%3A%2F%2Ftest-url&w=3840&q=75 3840w"
          style="position: absolute; height: 100%; width: 100%; left: 0px; top: 0px; right: 0px; bottom: 0px; color: transparent;"
        />
      </div>
      <div
        class="flex items-center mt-4 justify-between"
      >
        <p
          class="text-sm font-bold px-2 text-black text-ellipsis truncate whitespace-nowrap overflow-hidden"
        >
           
          some game
        </p>
        <svg
          color="#545352"
          fill="currentColor"
          height="24"
          stroke="currentColor"
          stroke-width="0"
          style="color: rgb(84, 83, 82);"
          viewBox="0 0 24 24"
          width="24"
          xmlns="http://www.w3.org/2000/svg"
        >
          <path
            d="M11.999 1.993c-5.514.001-10 4.487-10 10.001s4.486 10 10.001 10c5.513 0 9.999-4.486 10-10 0-5.514-4.486-10-10.001-10.001zM12 19.994c-4.412 0-8.001-3.589-8.001-8s3.589-8 8-8.001C16.411 3.994 20 7.583 20 11.994c-.001 4.411-3.59 8-8 8z"
          />
          <path
            d="M12 10.994H8v2h4V16l4.005-4.005L12 7.991z"
          />
        </svg>
      </div>
    </section>
  </a>
</div>
`;
