// Jest Snapshot v1, https://jestjs.io/docs/snapshot-testing

exports[`GamesList should render correctly 1`] = `
<div>
  <h2
    class="text-lg font-bold mt-8 mb-5"
  >
     Jogos para conhecer 
  </h2>
  <section
    class="grid gap-7 sm:grid-cols-2 md:grid-cols-3 lg:grid-cols-4"
  >
    <div>
      <div
        data-testid="card-test-id"
      >
         game card component! 
      </div>
    </div>
  </section>
</div>
`;
